C51 COMPILER V9.60.7.0   MAIN                                                              12/02/2024 16:50:47 PAGE 1   


C51 COMPILER V9.60.7.0, COMPILATION OF MODULE MAIN
OBJECT MODULE PLACED IN .\Release\Objects\main.obj
COMPILER INVOKED BY: C:\Keil_v5\C51\BIN\C51.EXE ..\..\User\main.c LARGE OPTIMIZE(8,SPEED) BROWSE INTVECTOR(0X000C) INCDI
                    -R(..\..\Libraries\Include;..\..\Hardware;..\..\User;..\..\User\lib) INTERVAL(3) DEBUG OBJECTEXTEND PRINT(.\Release\Listi
                    -ngs\main.lst) OBJECT(.\Release\Objects\main.obj)

line level    source

   1          /**
   2           ******************************************************************************
   3           * @file    main.c
   4           * @author  HUGE-IC Application Team
   5           * @version V1.0.0
   6           * @date    05-11-2022
   7           * @brief   Main program body
   8           ******************************************************************************
   9           * @attention
  10           *
  11           * <h2><center>&copy; COPYRIGHT 2021 HUGE-IC</center></h2>
  12           *
  13           * 版权说明后续补上
  14           *
  15           ******************************************************************************
  16           */
  17          
  18          /* Includes ------------------------------------------------------------------*/
  19          #include <stdio.h>
  20          #include <string.h>
  21          #include "include.h"
  22          #include "my_config.h"
  23          
  24          /** @addtogroup Template_Project
  25           * @{
  26           */
  27          
  28          /* Private typedef -----------------------------------------------------------*/
  29          /* Private define ------------------------------------------------------------*/
  30          /* Private macro -------------------------------------------------------------*/
  31          /* Private variables ---------------------------------------------------------*/
  32          /* Private function prototypes -----------------------------------------------*/
  33          /* Private functions ---------------------------------------------------------*/
  34          
  35          void main(void)
  36          {
  37   1          // 看门狗默认打开, 复位时间2s
  38   1          system_init();
  39   1      
  40   1          // WDT_KEY = WDT_KEY_VAL(0xDD); //  关闭看门狗
  41   1      
  42   1          // 关闭HCK和HDA的调试功能:
  43   1          WDT_KEY = 0x55;
  44   1          IO_MAP &= ~0x01;
  45   1          WDT_KEY = 0xBB;
  46   1      
  47   1          send_keyval_pin_init();   // 初始化键值的发送引脚
  48   1          send_keyval_timer_init(); // 初始化发送键值的引脚所使用到的定时器，定时器默认关闭
  49   1      
  50   1          aip650_config();
  51   1      
  52   1          /* 按键初始化 */
  53   1          tk_param_init();
C51 COMPILER V9.60.7.0   MAIN                                                              12/02/2024 16:50:47 PAGE 2   

  54   1          tmr0_config(); // 配置检测串口接收数据超时的定时器
  55   1      #if USE_MY_DEBUG
                  uart0_config(); // 调试使用到的串口
              #endif
  58   1          uart1_config();
  59   1      
  60   1          /* 系统主循环 */
  61   1          while (1)
  62   1          {
  63   2              /* 用户循环扫描函数接口 */
  64   2              touch_key_scan();        // 非阻塞的按键扫描
  65   2              uart1_recv_err_handle(); // 串口接收数据出错/超时处理
  66   2      
  67   2              if (flag_cur_recv_status == CUR_RECV_STATUS_COMPLETE)
  68   2              {
  69   3      #if USE_MY_DEBUG
                          printf("recv complete\n");
              
                          printf("seg1 %#x\n", (u16)instruction.seg1);
                          printf("seg2 %#x\n", (u16)instruction.seg2);
                          printf("point %#x\n", (u16)instruction.point);
                          printf("led %#x\n", (u16)instruction.led);
                          // printf("addr  %p\n", &instruction);
              #endif
  78   3                  aip650_show_handle(instruction);
  79   3      
  80   3                  memset(&instruction, 0xFF, sizeof(instruction)); // 清空存放指令的结构体变量
  81   3                  flag_cur_recv_status = CUR_RECV_STATUS_NONE;     // 清除接收完成标志
  82   3              }
  83   2      
  84   2              // delay_ms(500);
  85   2      
  86   2              // {
  87   2              //     static u32 cnt = 0;
  88   2              //     cnt++;
  89   2      
  90   2              //     if (cnt >= 500)
  91   2              //     {
  92   2              //         printf("main\n");
  93   2              //         cnt = 0;
  94   2              //     }
  95   2              // }
  96   2      
  97   2              // /* 喂狗 :建议不要关闭看门狗，默认2s复位*/
  98   2              WDT_KEY = WDT_KEY_VAL(0xAA);
  99   2          }
 100   1      }
 101          
 102          /**
 103           * @}
 104           */
 105          
 106          /*************************** (C) COPYRIGHT 2022 HUGE-IC ***** END OF FILE *****/


MODULE INFORMATION:   STATIC OVERLAYABLE
   CODE SIZE        =     94    ----
   CONSTANT SIZE    =   ----    ----
   XDATA SIZE       =   ----    ----
   PDATA SIZE       =   ----    ----
   DATA SIZE        =   ----    ----
   IDATA SIZE       =   ----    ----
C51 COMPILER V9.60.7.0   MAIN                                                              12/02/2024 16:50:47 PAGE 3   

   BIT SIZE         =   ----    ----
END OF MODULE INFORMATION.


C51 COMPILATION COMPLETE.  0 WARNING(S),  0 ERROR(S)
