C51 COMPILER V9.60.7.0   TK_SET                                                            11/13/2024 17:38:41 PAGE 1   


C51 COMPILER V9.60.7.0, COMPILATION OF MODULE TK_SET
OBJECT MODULE PLACED IN .\Release\Objects\tk_set.obj
COMPILER INVOKED BY: C:\Keil_v5\C51\BIN\C51.EXE ..\..\User\lib\tk_set.c LARGE OPTIMIZE(8,SPEED) BROWSE INTVECTOR(0X000C)
                    - INCDIR(..\..\Libraries\Include;..\..\Hardware;..\..\User;..\..\User\lib) INTERVAL(3) DEBUG OBJECTEXTEND PRINT(.\Release
                    -\Listings\tk_set.lst) OBJECT(.\Release\Objects\tk_set.obj)

line level    source

   1          /**
   2           ******************************************************************************
   3           * @file    User/tk_lib.c
   4           * @author  HUGE-IC Application Team
   5           * @version V1.0.0
   6           * @date    05-20-2022
   7           * @brief   Main program body
   8           ******************************************************************************
   9           * @attention
  10           * tk_set.cŒƒº˛ «œµÕ≥ π”√µƒŒƒº˛£¨≤ªΩ®“È–ﬁ∏ƒ°£
  11           * “‘œ¬∫Ø ˝∫Õ±‰¡ø”√ªß≤ª–Ë“™–ﬁ∏ƒ
  12           *
  13           *
  14           *
  15           ******************************************************************************
  16           */
  17          
  18          /* Includes ------------------------------------------------------------------*/
  19          #include "include.h"
  20          #include "my_config.h"
  21          
  22          /** @addtogroup Template_Project
  23           * @{
  24           */
  25          
  26          /* Private typedef -----------------------------------------------------------*/
  27          /* Private define ------------------------------------------------------------*/
  28          /* Private macro -------------------------------------------------------------*/
  29          /* Private variables ---------------------------------------------------------*/
  30          /* Private function prototypes -----------------------------------------------*/
  31          /* Private functions ---------------------------------------------------------*/
  32          /**
  33           * @}
  34           */
  35          // ≈‰÷√“ª∏ˆ10msµƒ÷–∂œ
  36          #define PEROID_VAL (SYSCLK / 128 / 100 - 1)
  37          // ”√ªß≤ª‘ –Ì–ﬁ∏ƒ
  38          volatile unsigned short xdata __tk_ch_data_0[TK_CH_USE] _at_(0x6000 + 0);
  39          volatile unsigned short xdata __tk_ch_data_1[TK_CH_USE] _at_(0x6000 + TK_CH_USE * 2);
  40          volatile unsigned short xdata __tk_ch_data_2[TK_CH_USE] _at_(0x6000 + TK_CH_USE * 4);
  41          volatile unsigned short xdata __tk_ch_data_3[TK_CH_USE] _at_(0x6000 + TK_CH_USE * 8);
  42          volatile unsigned short xdata __tk_ch_data_4[TK_CH_USE] _at_(0x6000 + TK_CH_USE * 10);
  43          volatile unsigned short xdata __tk_ch_data_5[TK_CH_USE];
  44          volatile unsigned short xdata __tk_ch_data_6[TK_CH_USE];
  45          volatile unsigned short xdata __tk_ch_fth[TK_CH_USE];
  46          volatile unsigned short xdata __tk_i_set[TK_CH_USE];
  47          volatile unsigned char xdata __tk_update_cnt[TK_CH_USE];
  48          volatile unsigned char xdata __tk_confirm_cnt[TK_CH_USE];
  49          volatile unsigned char xdata __tk_leave_cnt[TK_CH_USE];
  50          volatile unsigned char xdata __tk_ch_index[TK_CH_USE];
  51          
  52          // ”√ªß≤ª‘ –Ì–ﬁ∏ƒ
  53          unsigned long code __tk_adjust_line = TK_DATA_LINE;
C51 COMPILER V9.60.7.0   TK_SET                                                            11/13/2024 17:38:41 PAGE 2   

  54          unsigned short code __tk_adjust_time = TK_ADJUST_TIME;
  55          unsigned short code __tk_adjust_diff_valu = TK_MAX_DIFF_VALU;
  56          unsigned char code __tk_adjust_en = TK_ADJUST_EN;
  57          
  58          unsigned short code __tk_valid_time = TK_VALID_TIME;
  59          unsigned short code __tk_long_key_time = TK_LONG_KEY_TIME;
  60          unsigned short code __tk_noise_value = TK_NOISE_VAL;
  61          unsigned char code __tk_cs_en = TK_CS_EN;
  62          unsigned char code __tk_tp_en = TK_TP_EN;
  63          unsigned char code __tk_nm_num = TK_MU_CNT;
  64          unsigned char code __tk_base_update_cnt = TK_UPDATE_CNT;
  65          unsigned char code __tk_nm_cm_value = TK_NM_CM_CNT;
  66          unsigned char code __tk_cm_valu = TK_CM_VALE;
  67          unsigned char code __tk_use_num = TK_CH_USE;
  68          
  69          /*
  70          **¥•√˛Õ®µ¿–≈œ¢±Ì
  71          */
  72          static u16 code TK_CH_EN_BUG[][2] =
  73              {
  74          #if TK0_CH_EN
                      {
                          0u,           // Õ®µ¿÷µ
                          TK0_THR_DATA, // √≈œﬁ÷µ
                      },
              #endif
  80          
  81          #if TK1_CH_EN
                      {
                          1u,
                          TK1_THR_DATA,
                      },
              #endif
  87          
  88          #if TK2_CH_EN
                      {
                          2u,
                          TK2_THR_DATA,
                      },
              #endif
  94          
  95          #if TK3_CH_EN
                      {
                          3u,
                          TK3_THR_DATA,
                      },
              #endif
 101          
 102          #if TK4_CH_EN
                      {
                          4u,
                          TK4_THR_DATA,
                      },
              #endif
 108          
 109          #if TK5_CH_EN
                      {
                          5u,
                          TK5_THR_DATA,
                      },
              #endif
 115          
C51 COMPILER V9.60.7.0   TK_SET                                                            11/13/2024 17:38:41 PAGE 3   

 116          #if TK6_CH_EN
                      {
                          6u,
                          TK6_THR_DATA,
                      },
              #endif
 122          
 123          #if TK7_CH_EN
                      {
                          7u,
                          TK7_THR_DATA,
                      },
              #endif
 129          
 130          #if TK8_CH_EN
                      {
                          8u,
                          TK8_THR_DATA,
                      },
              #endif
 136          
 137          #if TK9_CH_EN
                      {
                          9u,
                          TK9_THR_DATA,
                      },
              #endif
 143          
 144          #if TK10_CH_EN
                      {
                          10u,
                          TK10_THR_DATA,
                      },
              #endif
 150          
 151          #if TK11_CH_EN
                      {
                          11u,
                          TK11_THR_DATA,
                      },
              #endif
 157          
 158          #if TK12_CH_EN
                      {
                          12u,
                          TK12_THR_DATA,
                      },
              #endif
 164          
 165          #if TK13_CH_EN
                      {
                          13u,
                          TK13_THR_DATA,
                      },
              #endif
 171          
 172          #if TK14_CH_EN
                      {
                          14u,
                          TK14_THR_DATA,
                      },
              #endif
C51 COMPILER V9.60.7.0   TK_SET                                                            11/13/2024 17:38:41 PAGE 4   

 178          
 179          #if TK15_CH_EN
 180                  {
 181                      15u,
 182                      TK15_THR_DATA,
 183                  },
 184          #endif
 185          
 186          #if TK16_CH_EN
                      {
                          16u,
                          TK16_THR_DATA,
                      },
              #endif
 192          
 193          #if TK17_CH_EN
 194                  {
 195                      17u,
 196                      TK17_THR_DATA,
 197                  },
 198          #endif
 199          
 200          #if TK18_CH_EN
                      {
                          18u,
                          TK18_THR_DATA,
                      },
              #endif
 206          
 207          #if TK19_CH_EN
                      {
                          19u,
                          TK19_THR_DATA,
                      },
              #endif
 213          
 214          #if TK20_CH_EN
                      {
                          20u,
                          TK20_THR_DATA,
                      },
              #endif
 220          
 221          #if TK21_CH_EN
                      {
                          21u,
                          TK21_THR_DATA,
                      },
              #endif
 227          
 228          #if TK22_CH_EN
                      {
                          22u,
                          TK22_THR_DATA,
                      },
              #endif
 234          
 235          #if TK23_CH_EN
 236                  {
 237                      23u,
 238                      TK23_THR_DATA,
 239                  },
C51 COMPILER V9.60.7.0   TK_SET                                                            11/13/2024 17:38:41 PAGE 5   

 240          #endif
 241          
 242          #if TK24_CH_EN
 243                  {
 244                      24u,
 245                      TK24_THR_DATA,
 246                  },
 247          #endif
 248          
 249          #if TK25_CH_EN
 250                  {
 251                      25u,
 252                      TK25_THR_DATA,
 253                  },
 254          #endif
 255          };
 256          
 257          /**
 258           * @brief  Touchkey gpio init function
 259           * @param  None
 260           * @retval None
 261           */
 262          void tk_gpio_config(void)
 263          {
 264   1          u8 i = 0;
 265   1      
 266   1          for (i = 0; i < TK_CH_USE; i++)
 267   1          {
 268   2      
 269   2              if (__tk_ch_index[i] < 8)
 270   2              {
 271   3                  if (__tk_ch_index[i] < 4)
 272   3                  {
 273   4                      P0_MD0 &= ~(0x3 << (__tk_ch_index[i] - 0) * 2);
 274   4                      P0_MD0 |= (0x3 << (__tk_ch_index[i] - 0) * 2);
 275   4                  }
 276   3                  else
 277   3                  {
 278   4                      P0_MD1 &= ~(0x3 << (__tk_ch_index[i] - 4) * 2);
 279   4                      P0_MD1 |= (0x3 << (__tk_ch_index[i] - 4) * 2);
 280   4                  }
 281   3              }
 282   2              else if ((__tk_ch_index[i] >= 8) && (__tk_ch_index[i] < 16))
 283   2              {
 284   3                  if (__tk_ch_index[i] < 12)
 285   3                  {
 286   4                      P1_MD0 &= ~(0x3 << (__tk_ch_index[i] - 8) * 2);
 287   4                      P1_MD0 |= (0x3 << (__tk_ch_index[i] - 8) * 2);
 288   4                  }
 289   3                  else
 290   3                  {
 291   4                      P1_MD1 &= ~(0x3 << (__tk_ch_index[i] - 12) * 2);
 292   4                      P1_MD1 |= (0x3 << (__tk_ch_index[i] - 12) * 2);
 293   4                  }
 294   3              }
 295   2              else
 296   2              {
 297   3                  if (__tk_ch_index[i] < 20)
 298   3                  {
 299   4                      P2_MD0 &= ~(0x3 << (__tk_ch_index[i] - 16) * 2);
 300   4                      P2_MD0 |= (0x3 << (__tk_ch_index[i] - 16) * 2);
 301   4                  }
C51 COMPILER V9.60.7.0   TK_SET                                                            11/13/2024 17:38:41 PAGE 6   

 302   3                  else
 303   3                  {
 304   4                      P2_MD1 &= ~(0x3 << (__tk_ch_index[i] - 20) * 2);
 305   4                      P2_MD1 |= (0x3 << (__tk_ch_index[i] - 20) * 2);
 306   4                  }
 307   3              }
 308   2          }
 309   1      }
 310          
 311          /**
 312           * @brief  Touchkey_IRQHandler
 313           * @param  none
 314           * @retval None
 315           */
 316          void TK_IRQHandler(void) interrupt TK_IRQn
 317          {
 318   1          __IRQnIPnPush(TK_IRQn);
 319   1          if (TK_CON2 & (0x1 << 6))
 320   1          {
 321   2              TK_CON2 |= (0x1 << 6);
 322   2              __tk_handler();
 323   2          }
 324   1          __IRQnIPnPop(TK_IRQn);
 325   1      }
 326          
 327          /**
 328           * @brief  Touchkey Module init function
 329           * @param  None
 330           * @retval None
 331           */
 332          void tk_init(void)
 333          {
 334   1          IE_EA = 1;
 335   1          IE3 |= (0x1 << 3);
 336   1          IP6 |= (0x3 << 6);
 337   1          CLK_CON2 |= (0x1 << 6);
 338   1          __EnableIRQ(TK_IRQn);
 339   1          TK_ACON0 = 0x3F;
 340   1          TK_ACON1 = 0x4B;
 341   1          TK_ACON3 = 0x30;
 342   1          TK_PSRCNT = 0x2F;
 343   1          TK_APRECHARGE = 0x4f;
 344   1          TK_APREDISCH = 0x27;
 345   1          TK_ACONVTIME = 0xA8;
 346   1          TK_BASEDIV0 = 0x10;
 347   1          TK_BASEDIV1 = 0x0;
 348   1          TK_BASEDIV2 = 0x0;
 349   1          TK_BASEDIV3 = 0x0;
 350   1          TK_CHCON3 = 0xD0;
 351   1          TK_CON0 = 0x4;
 352   1          TK_CON1 = 0x1E;
 353   1          TK_CON2 = 0x02;
 354   1      }
 355          
 356          /**
 357           * @brief  TIMR0_IRQHandler function
 358           * @param  None
 359           * @retval None
 360           */
 361          void WUT_IRQHandler(void) interrupt WUT_IRQn
 362          {
 363   1          // Ω¯»Î÷–∂œ…Ë÷√IP£¨≤ªø……æ≥˝
C51 COMPILER V9.60.7.0   TK_SET                                                            11/13/2024 17:38:41 PAGE 7   

 364   1          __IRQnIPnPush(WUT_IRQn);
 365   1          // ÷‹∆⁄÷–∂œ
 366   1          if (WUT_CONH & TMR_PRD_PND(0x1))
 367   1          {
 368   2              WUT_CONH |= TMR_PRD_PND(0x1); // «Â≥˝pending
 369   2              __tk_ms_handler();            // ±’‘¥µƒ£¨≤ª÷™µ¿◊ˆ¡À ≤√¥£¨ø¥…œ»• «»√CPUΩ¯»ÎÀØ√ﬂ£¨µ•ŒªŒ™ms£® ÷≤·…œÀµ
             - «ÀØ√ﬂ300ms£©
 370   2          }
 371   1      
 372   1          // ÕÀ≥ˆ÷–∂œ…Ë÷√IP£¨≤ªø……æ≥˝
 373   1          __IRQnIPnPop(WUT_IRQn);
 374   1      }
 375          
 376          #if 0
              /**
               * @brief  TIMER Module init function
               * @param  None
               * @retval None
               */
              void wut_init(void)
              {
                  __EnableIRQ(WUT_IRQn);
                  IE_EA = 1;
              
                  // …Ë÷√timer2µƒº∆ ˝π¶ƒ‹£¨≈‰÷√“ª∏ˆ10msµƒ÷–∂œ
                  TMR_ALLCON = WUT_CNT_CLR(0x1);
                  WUT_PRH = TMR_PERIOD_VAL_H((PEROID_VAL >> 8) & 0xFF);                       // timer2º∆ ˝÷‹∆⁄∏ﬂ8Œª
                  WUT_PRL = TMR_PERIOD_VAL_L((PEROID_VAL >> 0) & 0xFF);                       // timer2º∆ ˝÷‹∆⁄µÕ8Œª
                  WUT_CONH = TMR_PRD_PND(0x1) | TMR_PRD_IRQ_EN(0x1);                          // «Â≥˝÷–∂œ±Í÷æŒª≤¢ πƒ‹÷–∂
             -œ
                  WUT_CONL = TMR_SOURCE_SEL(0x7) | TMR_PRESCALE_SEL(0x7) | TMR_MODE_SEL(0x1); // ≈‰÷√timer2 ±÷”‘¥°¢‘§∑÷∆
             -µ÷µ°¢ƒ£ Ω
              }
              #endif // end void wut_init(void)
 395          
 396          /**
 397           * @brief  Touchkey  parameter configuration function
 398           *         ∞¥º¸≤Œ ˝≈‰÷√∫Ø ˝
 399           *
 400           * @param  None
 401           * @retval None
 402           */
 403          void tk_param_init(void)
 404          {
 405   1          u8 i = 0;
 406   1      
 407   1          /* ∞¥º¸Õ®µ¿°¢µÁ¡˜°¢¡È√Ù∂»≥ı ºªØ */
 408   1          for (i = 0; i < TK_CH_USE; i++)
 409   1          {
 410   2              __tk_ch_index[i] = (u8)(TK_CH_EN_BUG[i][0] & 0xff); // ¥Ê∑≈∞¥º¸Õ®µ¿–≈œ¢
 411   2              __tk_ch_fth[i] = TK_CH_EN_BUG[i][1];                // ¥Ê∑≈∞¥º¸Õ®µ¿–≈œ¢
 412   2              __tk_i_set[i] = TK_CURR_GEAR;                       // ≥‰µÁµÁ¡˜
 413   2              __tk_ch_en |= (1UL << __tk_ch_index[i]);            // ∞¥º¸Õ®µ¿ πƒ‹
 414   2          }
 415   1      
 416   1          /* ∞¥º¸IO≈‰÷√∫Ø ˝ */
 417   1          tk_gpio_config();
 418   1      
 419   1          /* ø‚∫Ø ˝≥ı ºªØ */
 420   1          __tk_lib_init(); // µ˜”√¡Àø‚£®±’‘¥£©
 421   1      
 422   1          /* ∞¥º¸ƒ£øÈ≈‰÷√∫Ø ˝ */
C51 COMPILER V9.60.7.0   TK_SET                                                            11/13/2024 17:38:41 PAGE 8   

 423   1          tk_init();
 424   1      
 425   1          /* ∂® ±∆˜≈‰÷√∫Ø ˝ */
 426   1          // wut_init();
 427   1      }
 428          
 429          // /**
 430          //  * @brief  Touchkey  Circular execution function
 431          //  * @param  None
 432          //  * @retval None
 433          //  */
 434          // void tk_handle(void)
 435          // {
 436          //     // u32 tmp = 0; // ¡Ÿ ±±‰¡ø£¨≤‚ ‘”√
 437          // }
 438          
 439          /*************************** (C) COPYRIGHT 2022 TAIXIN-IC ***** END OF FILE *****/


MODULE INFORMATION:   STATIC OVERLAYABLE
   CODE SIZE        =    911    ----
   CONSTANT SIZE    =     42    ----
   XDATA SIZE       =     60    ----
   PDATA SIZE       =   ----    ----
   DATA SIZE        =   ----    ----
   IDATA SIZE       =   ----    ----
   BIT SIZE         =   ----    ----
END OF MODULE INFORMATION.


C51 COMPILATION COMPLETE.  0 WARNING(S),  0 ERROR(S)
